// Jest Snapshot v1, https://goo.gl/fbAQLP

exports[`App component should render App 1`] = `
<BrowserRouter>
  <div
    className="App"
  >
    <WithStyles(ForwardRef(Grid))
      container={true}
      direction="column"
    >
      <WithStyles(ForwardRef(Grid))
        container={true}
        item={true}
      >
        <WithStyles(ForwardRef(Grid))
          item={true}
          lg={1}
          md={false}
          sm={false}
          xl={1}
          xs={false}
        />
        <WithStyles(ForwardRef(Grid))
          item={true}
          lg={10}
          md={12}
          sm={12}
          xl={10}
          xs={12}
        >
          <MenuAppBar />
          <Switch>
            <Route
              exact={true}
              path="/"
            >
              <_default />
            </Route>
            <Route
              path="/cat-service"
            />
            <Route
              path="/dog-service"
            />
            <Route
              path="/pet-service"
            />
            <Route
              path="/join"
            >
              <_default />
            </Route>
            <Route
              path="/contact"
            >
              <_default />
            </Route>
          </Switch>
          <_default
            email="Email"
            fb="Facebook"
            follow="Follow Us"
            insta="Instagram"
            phone="07753883444"
          />
          <_default>
            Designed & managed by Pet Buddy@2020
          </_default>
        </WithStyles(ForwardRef(Grid))>
      </WithStyles(ForwardRef(Grid))>
    </WithStyles(ForwardRef(Grid))>
  </div>
</BrowserRouter>
`;
